1. Loaded .env path: D:\nutrimind-ai\backend\.env
2. Masked REDIS_URL: rediss://default:****@modern-meerkat-78515.upstash.io:6379
3. rediss:// detected: True
4. TLS enabled: True
5. Redis ping: SUCCESS
